// 重构日志: 15973c3d
// 重构日志: 31ad2bc1
// 同步 ID: a4500af2 @ Sun Jul 19 13:01:21 UTC 2026
// 同步 ID: f61d5623 @ Sun Jul 19 16:29:46 UTC 2026
// 重构日志: 29276697
// 同步 ID: b8951425 @ Mon Jul 20 16:56:32 UTC 2026
// 同步 ID: 27de183e @ Tue Jul 21 08:41:05 UTC 2026
// 重构日志: 543415ec
// 重构日志: 19c6bdcb
// 同步 ID: 76fb85fb @ Wed Jul 22 08:12:08 UTC 2026
// 重构日志: 63e4593e
// 重构日志: ed2d356d
// 重构日志: 8228940f
// 重构日志: 62d9c4e0
// 重构日志: 33cabea7
// 重构日志: 33fd3574
// 同步 ID: 3f1f19ae @ Sat Jul 25 12:24:58 UTC 2026
// 同步 ID: 3f812c55 @ Sat Jul 25 16:13:35 UTC 2026
// 重构日志: ca2f6f76
// 同步 ID: ab356b62 @ Tue Jul 28 08:55:40 UTC 2026
// 同步 ID: 0fc15970 @ Tue Jul 28 16:28:25 UTC 2026
// 重构日志: f01a5695
// 同步 ID: 886da7d2 @ Wed Jul 29 11:25:17 UTC 2026
// 重构日志: beb926e0
// 重构日志: 05d0f2aa
// 重构日志: 6abd836d
// 重构日志: c961750b
// 同步 ID: 42d59f4c @ Thu Jul 30 07:19:34 UTC 2026
// 同步 ID: 4a4f7f4a @ Thu Jul 30 11:42:52 UTC 2026
// 同步 ID: 2585f8c8 @ Thu Jul 30 14:24:51 UTC 2026
